Name: CCTV-8, URL: http://120.198.86.186:9901/tsfile/live/1028_1.m3u8?key=txiptv&playlive=1&authid=0, From: subscribe, IPv_Type: ipv4, Location: 中国-广东-湛江, ISP: 移动, Date: None, Delay: 10671 ms, Speed: 0.05 M/s, Resolution: None
Name: CCTV-10, URL: https://cdn4.skygo.mn/live/disk1/CCTV-10/HLSv3-FTA/CCTV-10.m3u8, From: subscribe, IPv_Type: ipv4, Location: 蒙古, ISP: , Date: None, Delay: 2681 ms, Speed: 0.60 M/s, Resolution: None
Name: CCTV-13, URL: https://event.pull.hebtv.com/jishi/cp1.m3u8, From: subscribe, IPv_Type: ipv6, Location: 中国, ISP: 中国电信, Date: None, Delay: 2256 ms, Speed: 1.26 M/s, Resolution: 1920x1080
Name: CETV-1, URL: https://h5cul1yar48um3t.wcetv.com/hls/wcetv318.m3u8, From: subscribe, IPv_Type: ipv4, Location: 美国-加利福尼亚州-圣克拉拉, ISP: DigitalOcean, Date: None, Delay: 97 ms, Speed: 16.75 M/s, Resolution: 1920x1080
Name: CETV-1, URL: http://154.12.37.196:5555/tvbox/公众号好享生活小助手/接口获取/代理.php?id=http://38.75.136.137:82/live1/jsb1.m3u8?id=cetv1hd&usign=, From: subscribe, IPv_Type: ipv4, Location: 美国-加利福尼亚州-洛杉矶, ISP: Cogent, Date: None, Delay: 745 ms, Speed: 6.93 M/s, Resolution: 1920x1080
Name: CETV-3, URL: http://45.192.97.170:8880/play/2723.m3u8, From: subscribe, IPv_Type: ipv4, Location: 中国-香港, ISP: LARUS, Date: None, Delay: 1399 ms, Speed: 0.31 M/s, Resolution: 1920x1080
Name: 文化精品, URL: https://live.264788.xyz/channel/yangshiwenhuajingpin?streamid=618d33181dba2b51e9d3752d73d737b8&livekey=01WgOR41rriMmMkzNsd0UoaxJRwetZdxIvtVk, From: subscribe, IPv_Type: ipv4, Location: 美国, ISP: CloudFlare节点, Date: None, Delay: 38 ms, Speed: 128.07 M/s, Resolution: 1920x1080
Name: 文化精品, URL: https://live.264788.xyz/channel/yangshiwenhuajingpin?streamid=bc185d1ef1e528922e83efd845006277&livekey=01WgOR41rriMmMkzNsd0UoaxJRwetZdxIvtVk, From: subscribe, IPv_Type: ipv4, Location: 美国, ISP: CloudFlare节点, Date: None, Delay: 42 ms, Speed: 113.69 M/s, Resolution: 1920x1080
Name: 央视台球, URL: http://zteres.sn.chinamobile.com:6060/yinhe/2/ch00000090990000002496/index.m3u8?virtualDomain=yinhe.live_hls.zte.com, From: whitelist, IPv_Type: None, Location: None, ISP: None, Date: None, Delay: -1 ms, Speed: 0.00 M/s, Resolution: None
Name: 风云音乐, URL: http://zteres.sn.chinamobile.com:6060/yinhe/2/ch00000090990000002525/index.m3u8?virtualDomain=yinhe.live_hls.zte.com, From: whitelist, IPv_Type: None, Location: None, ISP: None, Date: None, Delay: -1 ms, Speed: 0.00 M/s, Resolution: None
Name: 第一剧场, URL: http://zteres.sn.chinamobile.com:6060/yinhe/2/ch00000090990000002498/index.m3u8?virtualDomain=yinhe.live_hls.zte.com, From: whitelist, IPv_Type: None, Location: None, ISP: None, Date: None, Delay: -1 ms, Speed: 0.00 M/s, Resolution: None
Name: 风云剧场, URL: http://zteres.sn.chinamobile.com:6060/yinhe/2/ch00000090990000002505/index.m3u8?virtualDomain=yinhe.live_hls.zte.com, From: whitelist, IPv_Type: None, Location: None, ISP: None, Date: None, Delay: -1 ms, Speed: 0.00 M/s, Resolution: None
Name: 怀旧剧场, URL: http://zteres.sn.chinamobile.com:6060/yinhe/2/ch00000090990000002495/index.m3u8?virtualDomain=yinhe.live_hls.zte.com, From: whitelist, IPv_Type: None, Location: None, ISP: None, Date: None, Delay: -1 ms, Speed: 0.00 M/s, Resolution: None
Name: 女性时尚, URL: http://zteres.sn.chinamobile.com:6060/yinhe/2/ch00000090990000002475/index.m3u8?virtualDomain=yinhe.live_hls.zte.com, From: whitelist, IPv_Type: None, Location: None, ISP: None, Date: None, Delay: -1 ms, Speed: 0.00 M/s, Resolution: None
Name: 女性时尚, URL: http://zteres.sn.chinamobile.com:6060/yinhe/2/ch00000090990000001316/index.m3u8?virtualDomain=yinhe.live_hls.zte.com, From: whitelist, IPv_Type: None, Location: None, ISP: None, Date: None, Delay: -1 ms, Speed: 0.00 M/s, Resolution: None
Name: 高尔夫网球, URL: http://zteres.sn.chinamobile.com:6060/yinhe/2/ch00000090990000002497/index.m3u8?virtualDomain=yinhe.live_hls.zte.com, From: whitelist, IPv_Type: None, Location: None, ISP: None, Date: None, Delay: -1 ms, Speed: 0.00 M/s, Resolution: None
Name: 风云足球, URL: http://zteres.sn.chinamobile.com:6060/yinhe/2/ch00000090990000002499/index.m3u8?virtualDomain=yinhe.live_hls.zte.com, From: whitelist, IPv_Type: None, Location: None, ISP: None, Date: None, Delay: -1 ms, Speed: 0.00 M/s, Resolution: None
Name: 电视指南, URL: http://zteres.sn.chinamobile.com:6060/yinhe/2/ch00000090990000002545/index.m3u8?virtualDomain=yinhe.live_hls.zte.com, From: whitelist, IPv_Type: None, Location: None, ISP: None, Date: None, Delay: -1 ms, Speed: 0.00 M/s, Resolution: None
Name: 世界地理, URL: http://zteres.sn.chinamobile.com:6060/yinhe/2/ch00000090990000002485/index.m3u8?virtualDomain=yinhe.live_hls.zte.com, From: whitelist, IPv_Type: None, Location: None, ISP: None, Date: None, Delay: -1 ms, Speed: 0.00 M/s, Resolution: None
Name: 兵器科技, URL: http://zteres.sn.chinamobile.com:6060/yinhe/2/ch00000090990000002515/index.m3u8?virtualDomain=yinhe.live_hls.zte.com, From: whitelist, IPv_Type: None, Location: None, ISP: None, Date: None, Delay: -1 ms, Speed: 0.00 M/s, Resolution: None
Name: 翡翠台, URL: rtmp://demo2.anj365.com/live/xiangjiaoge-fc, From: subscribe, IPv_Type: ipv4, Location: 中国-浙江, ISP: 移动, Date: None, Delay: -1 ms, Speed: inf M/s, Resolution: 1920x1080
Name: 翡翠台, URL: rtmp://oc-play-ali.vipkid.com.cn/live/xianajiaoge-fct, From: subscribe, IPv_Type: ipv4, Location: 美国-科罗拉多州-布鲁姆菲尔德, ISP: Level3, Date: None, Delay: -1 ms, Speed: inf M/s, Resolution: 1920x1080
Name: 明珠台, URL: http://r.jdshipin.com/ZQ4kN, From: subscribe, IPv_Type: ipv6, Location: 美国, ISP: CloudFlare Inc., Date: None, Delay: 1058 ms, Speed: 5.61 M/s, Resolution: 1920x1080
Name: 凤凰中文, URL: http://[2409:8087:7000:20:1000::22]:6060/yinhe/2/ch00000090990000002275/index.m3u8?virtualDomain=yinhe.live_hls.zte.com, From: whitelist, IPv_Type: None, Location: None, ISP: None, Date: None, Delay: -1 ms, Speed: 0.00 M/s, Resolution: None
Name: 凤凰中文, URL: http://dbiptv.sn.chinamobile.com/PLTV/88888890/224/3221226547/index.m3u8, From: whitelist, IPv_Type: None, Location: None, ISP: None, Date: None, Delay: -1 ms, Speed: 0.00 M/s, Resolution: None
Name: 凤凰中文, URL: http://zteres.sn.chinamobile.com:6060/yinhe/2/ch00000090990000002275/index.m3u8?virtualDomain=yinhe.live_hls.zte.com, From: whitelist, IPv_Type: None, Location: None, ISP: None, Date: None, Delay: -1 ms, Speed: 0.00 M/s, Resolution: None
Name: 凤凰中文, URL: rtmp://oc-play-ali.vipkid.com.cn/live/xianajiaoge-fhzw, From: subscribe, IPv_Type: ipv4, Location: 美国-科罗拉多州-布鲁姆菲尔德, ISP: Level3, Date: None, Delay: -1 ms, Speed: inf M/s, Resolution: 1920x1080
Name: 凤凰中文, URL: http://php.jdshipin.com/TVOD/iptv.php?id=fhzw, From: subscribe, IPv_Type: ipv6, Location: 美国, ISP: CloudFlare Inc., Date: None, Delay: 1032 ms, Speed: 5.69 M/s, Resolution: 1920x1080
Name: 凤凰资讯, URL: http://[2409:8087:7000:20:1000::22]:6060/yinhe/2/ch00000090990000002187/index.m3u8?virtualDomain=yinhe.live_hls.zte.com, From: whitelist, IPv_Type: None, Location: None, ISP: None, Date: None, Delay: -1 ms, Speed: 0.00 M/s, Resolution: None
Name: 凤凰资讯, URL: http://zteres.sn.chinamobile.com:6060/yinhe/2/ch00000090990000002187/index.m3u8?virtualDomain=yinhe.live_hls.zte.com, From: whitelist, IPv_Type: None, Location: None, ISP: None, Date: None, Delay: -1 ms, Speed: 0.00 M/s, Resolution: None
Name: 凤凰资讯, URL: http://dbiptv.sn.chinamobile.com/PLTV/88888890/224/3221226546/index.m3u8, From: whitelist, IPv_Type: None, Location: None, ISP: None, Date: None, Delay: -1 ms, Speed: 0.00 M/s, Resolution: None
Name: 凤凰资讯, URL: rtmp://oc-play-ali.vipkid.com.cn/live/xianajiaoge-fhzx, From: subscribe, IPv_Type: ipv4, Location: 美国-科罗拉多州-布鲁姆菲尔德, ISP: Level3, Date: None, Delay: -1 ms, Speed: inf M/s, Resolution: 1920x1080
Name: TVBS亚洲, URL: http://d2e1asnsl7br7b.cloudfront.net/7782e205e72f43aeb4a48ec97f66ebbe/index_5.m3u8?zshijd, From: subscribe, IPv_Type: ipv6, Location: 美国, ISP: Amazon, Date: None, Delay: 45 ms, Speed: 69.00 M/s, Resolution: 1920x1080
Name: Viutv, URL: https://turkmedya-live.ercdn.net/tv360/tv360.m3u8, From: subscribe, IPv_Type: ipv4, Location: 美国-伊利诺伊州-库克, ISP: FDC机房, Date: None, Delay: 1939 ms, Speed: 1.04 M/s, Resolution: 1920x1080
Name: 无线新闻, URL: http://php.jdshipin.com:8880/TVOD/iptv.php?id=tvbxw, From: subscribe, IPv_Type: ipv6, Location: 美国, ISP: CloudFlare Inc., Date: None, Delay: 269 ms, Speed: 14.90 M/s, Resolution: 1920x1080
Name: 靖天资讯, URL: http://4gtv.cnlive.club/channel/3fae463b/index.m3u8?q=1784702901150, From: subscribe, IPv_Type: ipv6, Location: 美国, ISP: CloudFlare Inc., Date: None, Delay: 155 ms, Speed: 1.31 M/s, Resolution: 1920x1080
Name: CHC家庭影院, URL: http://dbiptv.sn.chinamobile.com/PLTV/88888890/224/3221226462/index.m3u8, From: whitelist, IPv_Type: None, Location: None, ISP: None, Date: None, Delay: -1 ms, Speed: 0.00 M/s, Resolution: None
Name: CHC家庭影院, URL: http://zteres.sn.chinamobile.com:6060/yinhe/2/ch00000090990000002085/index.m3u8?virtualDomain=yinhe.live_hls.zte.com, From: whitelist, IPv_Type: None, Location: None, ISP: None, Date: None, Delay: -1 ms, Speed: 0.00 M/s, Resolution: None
Name: CHC动作电影, URL: http://dbiptv.sn.chinamobile.com/PLTV/88888890/224/3221226465/index.m3u8, From: whitelist, IPv_Type: None, Location: None, ISP: None, Date: None, Delay: -1 ms, Speed: 0.00 M/s, Resolution: None
Name: CHC动作电影, URL: http://zteres.sn.chinamobile.com:6060/yinhe/2/ch00000090990000002055/index.m3u8?virtualDomain=yinhe.live_hls.zte.com, From: whitelist, IPv_Type: None, Location: None, ISP: None, Date: None, Delay: -1 ms, Speed: 0.00 M/s, Resolution: None
Name: CHC高清电影, URL: http://dbiptv.sn.chinamobile.com/PLTV/88888890/224/3221226463/index.m3u8, From: whitelist, IPv_Type: None, Location: None, ISP: None, Date: None, Delay: -1 ms, Speed: 0.00 M/s, Resolution: None
Name: CHC高清电影, URL: http://zteres.sn.chinamobile.com:6060/yinhe/2/ch00000090990000002065/index.m3u8?virtualDomain=yinhe.live_hls.zte.com, From: whitelist, IPv_Type: None, Location: None, ISP: None, Date: None, Delay: -1 ms, Speed: 0.00 M/s, Resolution: None
Name: NewTV惊悚悬疑, URL: https://live.264788.xyz/channel/newtvjingsongxuanyi?streamid=cefe64289cde2680e596ee3c1c6a4bf2&livekey=01WgOR41rriMmMkzNsd0UoaxJRwetZdxIvtVk, From: subscribe, IPv_Type: ipv4, Location: 美国, ISP: CloudFlare节点, Date: None, Delay: 38 ms, Speed: 145.38 M/s, Resolution: 1920x1080
Name: NewTV惊悚悬疑, URL: https://live.264788.xyz/channel/newtvjingsongxuanyi?streamid=082a2e30e260e629bde8f58d4861bee0&livekey=01WgOR41rriMmMkzNsd0UoaxJRwetZdxIvtVk, From: subscribe, IPv_Type: ipv4, Location: 美国, ISP: CloudFlare节点, Date: None, Delay: 54 ms, Speed: 103.46 M/s, Resolution: 1920x1080
Name: NewTV动作电影, URL: http://45.192.97.170:8880/play/2200.m3u8, From: subscribe, IPv_Type: ipv4, Location: 中国-香港, ISP: LARUS, Date: None, Delay: 1239 ms, Speed: 0.84 M/s, Resolution: 1280x960
Name: NewTV动作电影, URL: http://dassby.qqff.top:99/live/CHC动作电影/index.m3u8, From: subscribe, IPv_Type: ipv4, Location: 中国-辽宁-鞍山, ISP: 联通, Date: None, Delay: 10673 ms, Speed: 0.57 M/s, Resolution: 1920x1080
Name: NewTV动作电影, URL: http://183.220.107.138:4022/rtp/239.11.0.142:5140, From: subscribe, IPv_Type: ipv4, Location: 中国-四川-成都, ISP: 移动, Date: None, Delay: 393 ms, Speed: 0.00 M/s, Resolution: None
Name: 靖天映画, URL: http://t.061899.xyz/tl/js/js.php?id=jtyh, From: subscribe, IPv_Type: ipv4, Location: 美国, ISP: CloudFlare节点, Date: None, Delay: 1458 ms, Speed: 3.28 M/s, Resolution: 1920x1080
Name: 靖天映画, URL: http://4gtv.cnlive.club/channel/n610faa83/index.m3u8?q=1784702901150, From: subscribe, IPv_Type: ipv6, Location: 美国, ISP: CloudFlare Inc., Date: None, Delay: 224 ms, Speed: 0.91 M/s, Resolution: 1920x1080
Name: 靖天映画, URL: http://45.192.97.170:8880/play/1335.m3u8, From: subscribe, IPv_Type: ipv4, Location: 中国-香港, ISP: LARUS, Date: None, Delay: 1080 ms, Speed: 0.20 M/s, Resolution: 1920x1080
Name: 靖天映画, URL: http://45.192.97.170:8880/play/1267.m3u8, From: subscribe, IPv_Type: ipv4, Location: 中国-香港, ISP: LARUS, Date: None, Delay: 647 ms, Speed: 0.16 M/s, Resolution: 1920x1080
Name: 靖天戏剧, URL: http://4gtv.cnlive.club/channel/3f07b409/index.m3u8?q=1784702901150, From: subscribe, IPv_Type: ipv6, Location: 美国, ISP: CloudFlare Inc., Date: None, Delay: 136 ms, Speed: 1.51 M/s, Resolution: 1920x1080
Name: 靖天戏剧, URL: http://45.192.97.170:8880/play/1268.m3u8, From: subscribe, IPv_Type: ipv4, Location: 中国-香港, ISP: LARUS, Date: None, Delay: 327 ms, Speed: 1.46 M/s, Resolution: 1920x1080
Name: IPTV经典电影, URL: http://45.192.97.170:8880/play/2649.m3u8, From: subscribe, IPv_Type: ipv4, Location: 中国-香港, ISP: LARUS, Date: None, Delay: 2267 ms, Speed: 0.63 M/s, Resolution: 1920x1080
Name: IPTV经典电影, URL: http://183.220.107.138:4022/rtp/239.10.0.122:5140, From: subscribe, IPv_Type: ipv4, Location: 中国-四川-成都, ISP: 移动, Date: None, Delay: 380 ms, Speed: 0.00 M/s, Resolution: 1920x1080
Name: 天映经典, URL: http://mag.trexlive.me:80/play/live.php?extension=ts&mac=00:1A:79:B5:9F:AC&stream=1919463, From: subscribe, IPv_Type: ipv4, Location: 亚太地区, ISP: , Date: None, Delay: 142 ms, Speed: 24.06 M/s, Resolution: 1920x1080
Name: 天映经典, URL: http://t.061899.xyz/tl/168.php?id=tyjd, From: subscribe, IPv_Type: ipv4, Location: 美国, ISP: CloudFlare节点, Date: None, Delay: 1344 ms, Speed: 3.47 M/s, Resolution: 1920x1080
Name: 龙祥电影, URL: http://31.43.191.125:8080/vip6821768502490/6c17bae55394/34825, From: subscribe, IPv_Type: ipv4, Location: 乌克兰, ISP: , Date: None, Delay: 612 ms, Speed: 0.21 M/s, Resolution: 1280x720
Name: 龙祥电影, URL: http://31.43.191.125:8080/restream/restream/34825, From: subscribe, IPv_Type: ipv4, Location: 乌克兰, ISP: , Date: None, Delay: 1613 ms, Speed: 0.19 M/s, Resolution: 1280x720
Name: 龙祥电影, URL: http://free.cnlive.club/channel/67548a4f.m3u8, From: subscribe, IPv_Type: ipv4, Location: 美国-内华达州-克拉克, ISP: BuyVM, Date: None, Delay: 80 ms, Speed: 0.00 M/s, Resolution: 1920x1080
Name: 广东卫视, URL: http://dbiptv.sn.chinamobile.com/PLTV/88888890/224/3221225803/index.m3u8, From: whitelist, IPv_Type: None, Location: None, ISP: None, Date: None, Delay: -1 ms, Speed: 0.00 M/s, Resolution: None
Name: 广东卫视, URL: http://dbiptv.sn.chinamobile.com/PLTV/88888890/224/3221226216/index.m3u8, From: whitelist, IPv_Type: None, Location: None, ISP: None, Date: None, Delay: -1 ms, Speed: 0.00 M/s, Resolution: None
Name: 广东卫视, URL: http://dbiptv.sn.chinamobile.com/PLTV/88888890/224/3221226304/index.m3u8, From: whitelist, IPv_Type: None, Location: None, ISP: None, Date: None, Delay: -1 ms, Speed: 0.00 M/s, Resolution: None
Name: 广东卫视, URL: http://zteres.sn.chinamobile.com:6060/yinhe/2/ch00000090990000001031/index.m3u8?virtualDomain=yinhe.live_hls.zte.com, From: whitelist, IPv_Type: None, Location: None, ISP: None, Date: None, Delay: -1 ms, Speed: 0.00 M/s, Resolution: None
Name: 浙江卫视, URL: http://dbiptv.sn.chinamobile.com/PLTV/88888890/224/3221225798/index.m3u8, From: whitelist, IPv_Type: None, Location: None, ISP: None, Date: None, Delay: -1 ms, Speed: 0.00 M/s, Resolution: None
Name: 浙江卫视, URL: http://dbiptv.sn.chinamobile.com/PLTV/88888890/224/3221226199/index.m3u8, From: whitelist, IPv_Type: None, Location: None, ISP: None, Date: None, Delay: -1 ms, Speed: 0.00 M/s, Resolution: None
Name: 浙江卫视, URL: http://zteres.sn.chinamobile.com:6060/yinhe/2/ch00000090990000001026/index.m3u8?virtualDomain=yinhe.live_hls.zte.com, From: whitelist, IPv_Type: None, Location: None, ISP: None, Date: None, Delay: -1 ms, Speed: 0.00 M/s, Resolution: None
Name: 湖南卫视, URL: http://dbiptv.sn.chinamobile.com/PLTV/88888890/224/3221225799/index.m3u8, From: whitelist, IPv_Type: None, Location: None, ISP: None, Date: None, Delay: -1 ms, Speed: 0.00 M/s, Resolution: None
Name: 湖南卫视, URL: http://dbiptv.sn.chinamobile.com/PLTV/88888890/224/3221226211/index.m3u8, From: whitelist, IPv_Type: None, Location: None, ISP: None, Date: None, Delay: -1 ms, Speed: 0.00 M/s, Resolution: None
Name: 湖南卫视, URL: http://zteres.sn.chinamobile.com:6060/yinhe/2/ch00000090990000001339/index.m3u8?virtualDomain=yinhe.live_hls.zte.com, From: whitelist, IPv_Type: None, Location: None, ISP: None, Date: None, Delay: -1 ms, Speed: 0.00 M/s, Resolution: None
Name: 湖南卫视, URL: http://satellitepull.cnr.cn/live/wx32hunws/playlist.m3u8, From: subscribe, IPv_Type: ipv4, Location: 美国-伊利诺伊州-库克, ISP: 网宿CDN节点, Date: None, Delay: 57 ms, Speed: 1.56 M/s, Resolution: None
Name: 北京卫视, URL: http://dbiptv.sn.chinamobile.com/PLTV/88888890/224/3221225796/index.m3u8, From: whitelist, IPv_Type: None, Location: None, ISP: None, Date: None, Delay: -1 ms, Speed: 0.00 M/s, Resolution: None
Name: 北京卫视, URL: http://dbiptv.sn.chinamobile.com/PLTV/88888890/224/3221226222/index.m3u8, From: whitelist, IPv_Type: None, Location: None, ISP: None, Date: None, Delay: -1 ms, Speed: 0.00 M/s, Resolution: None
Name: 北京卫视, URL: http://zteres.sn.chinamobile.com:6060/yinhe/2/ch00000090990000001335/index.m3u8?virtualDomain=yinhe.live_hls.zte.com, From: whitelist, IPv_Type: None, Location: None, ISP: None, Date: None, Delay: -1 ms, Speed: 0.00 M/s, Resolution: None
Name: 北京卫视, URL: http://satellitepull.cnr.cn/live/wxbtv/playlist.m3u8, From: subscribe, IPv_Type: ipv4, Location: 美国-德克萨斯州-达拉斯, ISP: 网宿科技CDN节点, Date: None, Delay: 60 ms, Speed: 1.64 M/s, Resolution: None
Name: 湖北卫视, URL: http://dbiptv.sn.chinamobile.com/PLTV/88888890/224/3221226194/index.m3u8, From: whitelist, IPv_Type: None, Location: None, ISP: None, Date: None, Delay: -1 ms, Speed: 0.00 M/s, Resolution: None
Name: 湖北卫视, URL: http://dbiptv.sn.chinamobile.com/PLTV/88888890/224/3221226206/index.m3u8, From: whitelist, IPv_Type: None, Location: None, ISP: None, Date: None, Delay: -1 ms, Speed: 0.00 M/s, Resolution: None
Name: 湖北卫视, URL: http://zteres.sn.chinamobile.com:6060/yinhe/2/ch00000090990000001299/index.m3u8?virtualDomain=yinhe.live_hls.zte.com, From: whitelist, IPv_Type: None, Location: None, ISP: None, Date: None, Delay: -1 ms, Speed: 0.00 M/s, Resolution: None
Name: 黑龙江卫视, URL: http://dbiptv.sn.chinamobile.com/PLTV/88888890/224/3221225802/index.m3u8, From: whitelist, IPv_Type: None, Location: None, ISP: None, Date: None, Delay: -1 ms, Speed: 0.00 M/s, Resolution: None
Name: 黑龙江卫视, URL: http://dbiptv.sn.chinamobile.com/PLTV/88888890/224/3221226215/index.m3u8, From: whitelist, IPv_Type: None, Location: None, ISP: None, Date: None, Delay: -1 ms, Speed: 0.00 M/s, Resolution: None
Name: 黑龙江卫视, URL: http://zteres.sn.chinamobile.com:6060/yinhe/2/ch00000090990000001338/index.m3u8?virtualDomain=yinhe.live_hls.zte.com, From: whitelist, IPv_Type: None, Location: None, ISP: None, Date: None, Delay: -1 ms, Speed: 0.00 M/s, Resolution: None
Name: 安徽卫视, URL: http://dbiptv.sn.chinamobile.com/PLTV/88888890/224/3221226196/index.m3u8, From: whitelist, IPv_Type: None, Location: None, ISP: None, Date: None, Delay: -1 ms, Speed: 0.00 M/s, Resolution: None
Name: 安徽卫视, URL: http://dbiptv.sn.chinamobile.com/PLTV/88888890/224/3221226203/index.m3u8, From: whitelist, IPv_Type: None, Location: None, ISP: None, Date: None, Delay: -1 ms, Speed: 0.00 M/s, Resolution: None
Name: 安徽卫视, URL: http://zteres.sn.chinamobile.com:6060/yinhe/2/ch00000090990000001298/index.m3u8?virtualDomain=yinhe.live_hls.zte.com, From: whitelist, IPv_Type: None, Location: None, ISP: None, Date: None, Delay: -1 ms, Speed: 0.00 M/s, Resolution: None
Name: 重庆卫视, URL: http://dbiptv.sn.chinamobile.com/PLTV/88888890/224/3221226202/index.m3u8, From: whitelist, IPv_Type: None, Location: None, ISP: None, Date: None, Delay: -1 ms, Speed: 0.00 M/s, Resolution: None
Name: 重庆卫视, URL: http://zteres.sn.chinamobile.com:6060/yinhe/2/ch00000090990000001297/index.m3u8?virtualDomain=yinhe.live_hls.zte.com, From: whitelist, IPv_Type: None, Location: None, ISP: None, Date: None, Delay: -1 ms, Speed: 0.00 M/s, Resolution: None
Name: 东方卫视, URL: http://dbiptv.sn.chinamobile.com/PLTV/88888890/224/3221225797/index.m3u8, From: whitelist, IPv_Type: None, Location: None, ISP: None, Date: None, Delay: -1 ms, Speed: 0.00 M/s, Resolution: None
Name: 东方卫视, URL: http://dbiptv.sn.chinamobile.com/PLTV/88888890/224/3221226217/index.m3u8, From: whitelist, IPv_Type: None, Location: None, ISP: None, Date: None, Delay: -1 ms, Speed: 0.00 M/s, Resolution: None
Name: 东方卫视, URL: http://zteres.sn.chinamobile.com:6060/yinhe/2/ch00000090990000001028/index.m3u8?virtualDomain=yinhe.live_hls.zte.com, From: whitelist, IPv_Type: None, Location: None, ISP: None, Date: None, Delay: -1 ms, Speed: 0.00 M/s, Resolution: None
Name: 东南卫视, URL: http://dbiptv.sn.chinamobile.com/PLTV/88888890/224/3221226307/index.m3u8, From: whitelist, IPv_Type: None, Location: None, ISP: None, Date: None, Delay: -1 ms, Speed: 0.00 M/s, Resolution: None
Name: 东南卫视, URL: http://zteres.sn.chinamobile.com:6060/yinhe/2/ch00000090990000001044/index.m3u8?virtualDomain=yinhe.live_hls.zte.com, From: whitelist, IPv_Type: None, Location: None, ISP: None, Date: None, Delay: -1 ms, Speed: 0.00 M/s, Resolution: None
Name: 甘肃卫视, URL: http://dbiptv.sn.chinamobile.com/PLTV/88888890/224/3221225754/index.m3u8, From: whitelist, IPv_Type: None, Location: None, ISP: None, Date: None, Delay: -1 ms, Speed: 0.00 M/s, Resolution: None
Name: 甘肃卫视, URL: http://zteres.sn.chinamobile.com:6060/yinhe/2/ch00000090990000001059/index.m3u8?virtualDomain=yinhe.live_hls.zte.com, From: whitelist, IPv_Type: None, Location: None, ISP: None, Date: None, Delay: -1 ms, Speed: 0.00 M/s, Resolution: None
Name: 广西卫视, URL: http://dbiptv.sn.chinamobile.com/PLTV/88888890/224/3221225770/index.m3u8, From: whitelist, IPv_Type: None, Location: None, ISP: None, Date: None, Delay: -1 ms, Speed: 0.00 M/s, Resolution: None
Name: 广西卫视, URL: http://zteres.sn.chinamobile.com:6060/yinhe/2/ch00000090990000001054/index.m3u8?virtualDomain=yinhe.live_hls.zte.com, From: whitelist, IPv_Type: None, Location: None, ISP: None, Date: None, Delay: -1 ms, Speed: 0.00 M/s, Resolution: None
Name: 贵州卫视, URL: http://dbiptv.sn.chinamobile.com/PLTV/88888890/224/3221225793/index.m3u8, From: whitelist, IPv_Type: None, Location: None, ISP: None, Date: None, Delay: -1 ms, Speed: 0.00 M/s, Resolution: None
Name: 贵州卫视, URL: http://zteres.sn.chinamobile.com:6060/yinhe/2/ch00000090990000001048/index.m3u8?virtualDomain=yinhe.live_hls.zte.com, From: whitelist, IPv_Type: None, Location: None, ISP: None, Date: None, Delay: -1 ms, Speed: 0.00 M/s, Resolution: None
Name: 海南卫视, URL: http://dbiptv.sn.chinamobile.com/PLTV/88888890/224/3221225769/index.m3u8, From: whitelist, IPv_Type: None, Location: None, ISP: None, Date: None, Delay: -1 ms, Speed: 0.00 M/s, Resolution: None
Name: 海南卫视, URL: http://zteres.sn.chinamobile.com:6060/yinhe/2/ch00000090990000001055/index.m3u8?virtualDomain=yinhe.live_hls.zte.com, From: whitelist, IPv_Type: None, Location: None, ISP: None, Date: None, Delay: -1 ms, Speed: 0.00 M/s, Resolution: None
Name: 河北卫视, URL: http://dbiptv.sn.chinamobile.com/PLTV/88888890/224/3221225750/index.m3u8, From: whitelist, IPv_Type: None, Location: None, ISP: None, Date: None, Delay: -1 ms, Speed: 0.00 M/s, Resolution: None
Name: 河北卫视, URL: http://zteres.sn.chinamobile.com:6060/yinhe/2/ch00000090990000001039/index.m3u8?virtualDomain=yinhe.live_hls.zte.com, From: whitelist, IPv_Type: None, Location: None, ISP: None, Date: None, Delay: -1 ms, Speed: 0.00 M/s, Resolution: None
Name: 河南卫视, URL: http://dbiptv.sn.chinamobile.com/PLTV/88888890/224/3221225767/index.m3u8, From: whitelist, IPv_Type: None, Location: None, ISP: None, Date: None, Delay: -1 ms, Speed: 0.00 M/s, Resolution: None
Name: 河南卫视, URL: http://zteres.sn.chinamobile.com:6060/yinhe/2/ch00000090990000001056/index.m3u8?virtualDomain=yinhe.live_hls.zte.com, From: whitelist, IPv_Type: None, Location: None, ISP: None, Date: None, Delay: -1 ms, Speed: 0.00 M/s, Resolution: None
Name: 河南卫视, URL: https://dxtx.hntv.tv/live/lypd.m3u8?txSecret=10c771842a0be59e8b575d765173ec96&txTime=7B923E0A&wsSecret=985ebb910dd1e9ad9603ffd7670bd155&wsTime=1791183481, From: subscribe, IPv_Type: ipv4, Location: 中国-河北-廊坊, ISP: 联通, Date: None, Delay: 2077 ms, Speed: 0.84 M/s, Resolution: 1920x1080
Name: 吉林卫视, URL: http://dbiptv.sn.chinamobile.com/PLTV/88888890/224/3221225792/index.m3u8, From: whitelist, IPv_Type: None, Location: None, ISP: None, Date: None, Delay: -1 ms, Speed: 0.00 M/s, Resolution: None
Name: 吉林卫视, URL: http://zteres.sn.chinamobile.com:6060/yinhe/2/ch00000090990000001049/index.m3u8?virtualDomain=yinhe.live_hls.zte.com, From: whitelist, IPv_Type: None, Location: None, ISP: None, Date: None, Delay: -1 ms, Speed: 0.00 M/s, Resolution: None
Name: 江苏卫视, URL: http://dbiptv.sn.chinamobile.com/PLTV/88888890/224/3221225800/index.m3u8, From: whitelist, IPv_Type: None, Location: None, ISP: None, Date: None, Delay: -1 ms, Speed: 0.00 M/s, Resolution: None
Name: 江苏卫视, URL: http://dbiptv.sn.chinamobile.com/PLTV/88888890/224/3221226200/index.m3u8, From: whitelist, IPv_Type: None, Location: None, ISP: None, Date: None, Delay: -1 ms, Speed: 0.00 M/s, Resolution: None
Name: 江苏卫视, URL: http://zteres.sn.chinamobile.com:6060/yinhe/2/ch00000090990000001344/index.m3u8?virtualDomain=yinhe.live_hls.zte.com, From: whitelist, IPv_Type: None, Location: None, ISP: None, Date: None, Delay: -1 ms, Speed: 0.00 M/s, Resolution: None
Name: 江西卫视, URL: http://dbiptv.sn.chinamobile.com/PLTV/88888890/224/3221225564/index.m3u8, From: whitelist, IPv_Type: None, Location: None, ISP: None, Date: None, Delay: -1 ms, Speed: 0.00 M/s, Resolution: None
Name: 江西卫视, URL: http://zteres.sn.chinamobile.com:6060/yinhe/2/ch00000090990000001045/index.m3u8?virtualDomain=yinhe.live_hls.zte.com, From: whitelist, IPv_Type: None, Location: None, ISP: None, Date: None, Delay: -1 ms, Speed: 0.00 M/s, Resolution: None
Name: 辽宁卫视, URL: http://dbiptv.sn.chinamobile.com/PLTV/88888890/224/3221226201/index.m3u8, From: whitelist, IPv_Type: None, Location: None, ISP: None, Date: None, Delay: -1 ms, Speed: 0.00 M/s, Resolution: None
Name: 辽宁卫视, URL: http://dbiptv.sn.chinamobile.com/PLTV/88888890/224/3221226210/index.m3u8, From: whitelist, IPv_Type: None, Location: None, ISP: None, Date: None, Delay: -1 ms, Speed: 0.00 M/s, Resolution: None
Name: 辽宁卫视, URL: http://zteres.sn.chinamobile.com:6060/yinhe/2/ch00000090990000001296/index.m3u8?virtualDomain=yinhe.live_hls.zte.com, From: whitelist, IPv_Type: None, Location: None, ISP: None, Date: None, Delay: -1 ms, Speed: 0.00 M/s, Resolution: None
Name: 内蒙古卫视, URL: http://dbiptv.sn.chinamobile.com/PLTV/88888890/224/3221225786/index.m3u8, From: whitelist, IPv_Type: None, Location: None, ISP: None, Date: None, Delay: -1 ms, Speed: 0.00 M/s, Resolution: None
Name: 内蒙古卫视, URL: http://zteres.sn.chinamobile.com:6060/yinhe/2/ch00000090990000001035/index.m3u8?virtualDomain=yinhe.live_hls.zte.com, From: whitelist, IPv_Type: None, Location: None, ISP: None, Date: None, Delay: -1 ms, Speed: 0.00 M/s, Resolution: None
Name: 宁夏卫视, URL: http://dbiptv.sn.chinamobile.com/PLTV/88888890/224/3221225748/index.m3u8, From: whitelist, IPv_Type: None, Location: None, ISP: None, Date: None, Delay: -1 ms, Speed: 0.00 M/s, Resolution: None
Name: 宁夏卫视, URL: http://zteres.sn.chinamobile.com:6060/yinhe/2/ch00000090990000001061/index.m3u8?virtualDomain=yinhe.live_hls.zte.com, From: whitelist, IPv_Type: None, Location: None, ISP: None, Date: None, Delay: -1 ms, Speed: 0.00 M/s, Resolution: None
Name: 青海卫视, URL: http://dbiptv.sn.chinamobile.com/PLTV/88888890/224/3221225794/index.m3u8, From: whitelist, IPv_Type: None, Location: None, ISP: None, Date: None, Delay: -1 ms, Speed: 0.00 M/s, Resolution: None
Name: 青海卫视, URL: http://zteres.sn.chinamobile.com:6060/yinhe/2/ch00000090990000001033/index.m3u8?virtualDomain=yinhe.live_hls.zte.com, From: whitelist, IPv_Type: None, Location: None, ISP: None, Date: None, Delay: -1 ms, Speed: 0.00 M/s, Resolution: None
Name: 青海卫视, URL: https://hls-qhmh.lanzhousobey.cn/qhmh/mhds.m3u8, From: subscribe, IPv_Type: ipv6, Location: 中国, ISP: , Date: None, Delay: 2708 ms, Speed: 1.48 M/s, Resolution: 1920x1080
Name: 山东卫视, URL: http://dbiptv.sn.chinamobile.com/PLTV/88888890/224/3221226209/index.m3u8, From: whitelist, IPv_Type: None, Location: None, ISP: None, Date: None, Delay: -1 ms, Speed: 0.00 M/s, Resolution: None
Name: 山东卫视, URL: http://zteres.sn.chinamobile.com:6060/yinhe/2/ch00000090990000001341/index.m3u8?virtualDomain=yinhe.live_hls.zte.com, From: whitelist, IPv_Type: None, Location: None, ISP: None, Date: None, Delay: -1 ms, Speed: 0.00 M/s, Resolution: None
Name: 山西卫视, URL: http://dbiptv.sn.chinamobile.com/PLTV/88888890/224/3221225763/index.m3u8, From: whitelist, IPv_Type: None, Location: None, ISP: None, Date: None, Delay: -1 ms, Speed: 0.00 M/s, Resolution: None
Name: 山西卫视, URL: http://zteres.sn.chinamobile.com:6060/yinhe/2/ch00000090990000001038/index.m3u8?virtualDomain=yinhe.live_hls.zte.com, From: whitelist, IPv_Type: None, Location: None, ISP: None, Date: None, Delay: -1 ms, Speed: 0.00 M/s, Resolution: None
Name: 陕西卫视, URL: http://dbiptv.sn.chinamobile.com/PLTV/88888890/224/3221225821/index.m3u8, From: whitelist, IPv_Type: None, Location: None, ISP: None, Date: None, Delay: -1 ms, Speed: 0.00 M/s, Resolution: None
Name: 陕西卫视, URL: http://zteres.sn.chinamobile.com:6060/yinhe/2/ch00000090990000001062/index.m3u8?virtualDomain=yinhe.live_hls.zte.com, From: whitelist, IPv_Type: None, Location: None, ISP: None, Date: None, Delay: -1 ms, Speed: 0.00 M/s, Resolution: None
Name: 四川卫视, URL: http://dbiptv.sn.chinamobile.com/PLTV/88888890/224/3221225768/index.m3u8, From: whitelist, IPv_Type: None, Location: None, ISP: None, Date: None, Delay: -1 ms, Speed: 0.00 M/s, Resolution: None
Name: 四川卫视, URL: http://zteres.sn.chinamobile.com:6060/yinhe/2/ch00000090990000001036/index.m3u8?virtualDomain=yinhe.live_hls.zte.com, From: whitelist, IPv_Type: None, Location: None, ISP: None, Date: None, Delay: -1 ms, Speed: 0.00 M/s, Resolution: None
Name: 深圳卫视, URL: http://dbiptv.sn.chinamobile.com/PLTV/88888890/224/3221225801/index.m3u8, From: whitelist, IPv_Type: None, Location: None, ISP: None, Date: None, Delay: -1 ms, Speed: 0.00 M/s, Resolution: None
Name: 深圳卫视, URL: http://dbiptv.sn.chinamobile.com/PLTV/88888890/224/3221226205/index.m3u8, From: whitelist, IPv_Type: None, Location: None, ISP: None, Date: None, Delay: -1 ms, Speed: 0.00 M/s, Resolution: None
Name: 深圳卫视, URL: http://zteres.sn.chinamobile.com:6060/yinhe/2/ch00000090990000001029/index.m3u8?virtualDomain=yinhe.live_hls.zte.com, From: whitelist, IPv_Type: None, Location: None, ISP: None, Date: None, Delay: -1 ms, Speed: 0.00 M/s, Resolution: None
Name: 天津卫视, URL: http://dbiptv.sn.chinamobile.com/PLTV/88888890/224/3221226204/index.m3u8, From: whitelist, IPv_Type: None, Location: None, ISP: None, Date: None, Delay: -1 ms, Speed: 0.00 M/s, Resolution: None
Name: 天津卫视, URL: http://zteres.sn.chinamobile.com:6060/yinhe/2/ch00000090990000001343/index.m3u8?virtualDomain=yinhe.live_hls.zte.com, From: whitelist, IPv_Type: None, Location: None, ISP: None, Date: None, Delay: -1 ms, Speed: 0.00 M/s, Resolution: None
Name: 西藏卫视, URL: http://dbiptv.sn.chinamobile.com/PLTV/88888890/224/3221226212/index.m3u8, From: whitelist, IPv_Type: None, Location: None, ISP: None, Date: None, Delay: -1 ms, Speed: 0.00 M/s, Resolution: None
Name: 西藏卫视, URL: http://zteres.sn.chinamobile.com:6060/yinhe/2/ch00000090990000001302/index.m3u8?virtualDomain=yinhe.live_hls.zte.com, From: whitelist, IPv_Type: None, Location: None, ISP: None, Date: None, Delay: -1 ms, Speed: 0.00 M/s, Resolution: None
Name: 西藏卫视, URL: http://dbiptv.sn.chinamobile.com/PLTV/88888890/224/3221226312/index.m3u8, From: whitelist, IPv_Type: None, Location: None, ISP: None, Date: None, Delay: -1 ms, Speed: 0.00 M/s, Resolution: None
Name: 新疆卫视, URL: http://dbiptv.sn.chinamobile.com/PLTV/88888890/224/3221225747/index.m3u8, From: whitelist, IPv_Type: None, Location: None, ISP: None, Date: None, Delay: -1 ms, Speed: 0.00 M/s, Resolution: None
Name: 新疆卫视, URL: http://zteres.sn.chinamobile.com:6060/yinhe/2/ch00000090990000001047/index.m3u8?virtualDomain=yinhe.live_hls.zte.com, From: whitelist, IPv_Type: None, Location: None, ISP: None, Date: None, Delay: -1 ms, Speed: 0.00 M/s, Resolution: None
Name: 云南卫视, URL: http://dbiptv.sn.chinamobile.com/PLTV/88888890/224/3221225751/index.m3u8, From: whitelist, IPv_Type: None, Location: None, ISP: None, Date: None, Delay: -1 ms, Speed: 0.00 M/s, Resolution: None
Name: 云南卫视, URL: http://zteres.sn.chinamobile.com:6060/yinhe/2/ch00000090990000001046/index.m3u8?virtualDomain=yinhe.live_hls.zte.com, From: whitelist, IPv_Type: None, Location: None, ISP: None, Date: None, Delay: -1 ms, Speed: 0.00 M/s, Resolution: None
Name: 广东珠江, URL: http://63.141.230.178:82/gslb/zbdq5.m3u8?id=gdzj, From: subscribe, IPv_Type: ipv4, Location: 美国, ISP: , Date: None, Delay: 678 ms, Speed: 4.93 M/s, Resolution: 1920x1080
Name: 广东珠江, URL: http://38.75.136.137:98/gslb/dsdqpub/gdzj.m3u8?auth=testpub, From: subscribe, IPv_Type: ipv4, Location: 美国-伊利诺伊州-库克, ISP: Cogent, Date: None, Delay: 667 ms, Speed: 4.90 M/s, Resolution: 1920x1080
Name: 广东珠江, URL: http://173.208.234.146/live/gdzj.m3u8, From: subscribe, IPv_Type: ipv4, Location: 美国-密苏里州-杰克逊县, ISP: WholeSale互联网股份有限公司, Date: None, Delay: 717 ms, Speed: 4.90 M/s, Resolution: 1920x1080
Name: 广东卫视, URL: http://dbiptv.sn.chinamobile.com/PLTV/88888890/224/3221225803/index.m3u8, From: whitelist, IPv_Type: None, Location: None, ISP: None, Date: None, Delay: -1 ms, Speed: 0.00 M/s, Resolution: None
Name: 广东卫视, URL: http://dbiptv.sn.chinamobile.com/PLTV/88888890/224/3221226216/index.m3u8, From: whitelist, IPv_Type: None, Location: None, ISP: None, Date: None, Delay: -1 ms, Speed: 0.00 M/s, Resolution: None
Name: 广东卫视, URL: http://dbiptv.sn.chinamobile.com/PLTV/88888890/224/3221226304/index.m3u8, From: whitelist, IPv_Type: None, Location: None, ISP: None, Date: None, Delay: -1 ms, Speed: 0.00 M/s, Resolution: None
Name: 广东卫视, URL: http://zteres.sn.chinamobile.com:6060/yinhe/2/ch00000090990000001031/index.m3u8?virtualDomain=yinhe.live_hls.zte.com, From: whitelist, IPv_Type: None, Location: None, ISP: None, Date: None, Delay: -1 ms, Speed: 0.00 M/s, Resolution: None
Name: 大湾区卫视, URL: http://zteres.sn.chinamobile.com:6060/yinhe/2/ch00000090990000001305/index.m3u8?virtualDomain=yinhe.live_hls.zte.com, From: whitelist, IPv_Type: None, Location: None, ISP: None, Date: None, Delay: -1 ms, Speed: 0.00 M/s, Resolution: None
Name: 北京卡酷少儿, URL: http://k.061899.xyz/k.php?id=bjkk, From: subscribe, IPv_Type: ipv6, Location: 新加坡, ISP: Aceville Pte.Ltd., Date: None, Delay: 1426 ms, Speed: 2.44 M/s, Resolution: 1920x1080
Name: 北京新闻, URL: https://satellitepull.cnr.cn/live/wxbjxwgb/playlist.m3u8, From: subscribe, IPv_Type: ipv4, Location: 美国-德克萨斯州-达拉斯, ISP: 网宿科技CDN节点, Date: None, Delay: 94 ms, Speed: 1.21 M/s, Resolution: None
Name: 北京科教, URL: http://player.cntv.cn/standard/live_HLSDRM20180606.swf?ChannelID=btv3&P2PChannelID=pd://cctv_p2p_hdbtv3, From: subscribe, IPv_Type: ipv4, Location: 美国, ISP: CDNetworks, Date: None, Delay: 12 ms, Speed: 12.03 M/s, Resolution: 19x24
Name: 北京财经, URL: http://player.cntv.cn/standard/live_HLSDRM20180524.swf?ChannelID=btv5&videoTVChannel=btv5&P2PChannelID=pd://cctv_p2p_hdbtv5&tai=btv5&VideoName=btv5&channelID=btv5, From: subscribe, IPv_Type: ipv4, Location: 美国, ISP: CDNetworks公司CDN网络节点, Date: None, Delay: 13 ms, Speed: 8.70 M/s, Resolution: 19x24
Name: 北京青年, URL: http://player.cntv.cn/standard/live_HLSDRM20180919.swf?v=180.171.5.8.9.6.3.9&ChannelID=btv8&videoTVChannel=btv8&P2PChannelID=pd://cctv_p2p_hdbtv8&tai=btv8&VideoName=btv8&channelID=btv8, From: subscribe, IPv_Type: ipv4, Location: 美国, ISP: CDNetworks, Date: None, Delay: 15 ms, Speed: 9.75 M/s, Resolution: 19x24
Name: 七彩戏剧, URL: http://t.061899.xyz/tl/dq.php?id=qcxj, From: subscribe, IPv_Type: ipv4, Location: 美国, ISP: CloudFlare节点, Date: None, Delay: 1527 ms, Speed: 1.40 M/s, Resolution: 1920x1080
Name: 上海外语, URL: http://t.061899.xyz/tl/dq.php?id=shics, From: subscribe, IPv_Type: ipv4, Location: 美国, ISP: CloudFlare节点, Date: None, Delay: 1528 ms, Speed: 1.40 M/s, Resolution: 1920x1080
Name: 东方财经, URL: http://115.150.63.77:9902/tsfile/live/1042_1.m3u8, From: subscribe, IPv_Type: ipv4, Location: 中国-江西-赣州, ISP: 电信, Date: None, Delay: 10654 ms, Speed: 0.03 M/s, Resolution: 1920x1080
Name: 东方财经, URL: rtsp://115.153.245.70/PLTV/88888888/224/3221225609/iptv7995.smil, From: subscribe, IPv_Type: ipv4, Location: 中国-江西-宜春, ISP: 电信, Date: None, Delay: 10005 ms, Speed: 0.00 M/s, Resolution: None
Name: 东方财经, URL: rtsp://115.153.254.81/PLTV/88888888/224/3221225609/iptv7995.smil, From: subscribe, IPv_Type: ipv4, Location: 中国-江西-宜春, ISP: 电信, Date: None, Delay: 10007 ms, Speed: 0.00 M/s, Resolution: None
Name: 东方财经, URL: rtsp://115.153.240.228:554/PLTV/88888888/224/3221225609/iptv7995.smil, From: subscribe, IPv_Type: ipv4, Location: 中国-江西-宜春, ISP: 电信, Date: None, Delay: 10004 ms, Speed: 0.00 M/s, Resolution: None
Name: 东方财经, URL: rtsp://115.153.212.72/PLTV/88888888/224/3221225609/iptv7995.smil, From: subscribe, IPv_Type: ipv4, Location: 中国-江西-宜春, ISP: 电信, Date: None, Delay: 10009 ms, Speed: 0.00 M/s, Resolution: None
Name: 东方财经, URL: rtsp://115.153.233.154/PLTV/88888888/224/3221225609/iptv7995.smil, From: subscribe, IPv_Type: ipv4, Location: 中国-江西-宜春, ISP: 电信, Date: None, Delay: 10008 ms, Speed: 0.00 M/s, Resolution: None
Name: 哈哈炫动, URL: http://zteres.sn.chinamobile.com:6060/yinhe/2/ch00000090990000001303/index.m3u8?virtualDomain=yinhe.live_hls.zte.com, From: whitelist, IPv_Type: None, Location: None, ISP: None, Date: None, Delay: -1 ms, Speed: 0.00 M/s, Resolution: None
Name: 哈哈炫动, URL: http://63.141.230.178:82/gslb/zbdq5.m3u8?id=xdkthd, From: subscribe, IPv_Type: ipv4, Location: 美国, ISP: , Date: None, Delay: 709 ms, Speed: 7.16 M/s, Resolution: 1920x1080
Name: 欢笑剧场, URL: http://154.12.37.196:5555/tvbox/公众号好享生活小助手/接口获取/代理.php?id=http://38.75.136.137:82/live1/jsb1.m3u8?id=hxjchd&usign=, From: subscribe, IPv_Type: ipv4, Location: 美国-加利福尼亚州-洛杉矶, ISP: Cogent, Date: None, Delay: 733 ms, Speed: 7.28 M/s, Resolution: 1920x1080
Name: 欢笑剧场, URL: http://k.061899.xyz/k.php?id=hxjc, From: subscribe, IPv_Type: ipv6, Location: 新加坡, ISP: Aceville Pte.Ltd., Date: None, Delay: 1341 ms, Speed: 3.23 M/s, Resolution: 1920x1080
Name: 欢笑剧场, URL: http://t.061899.xyz/tl/dq.php?id=hxjc, From: subscribe, IPv_Type: ipv4, Location: 美国, ISP: CloudFlare节点, Date: None, Delay: 1580 ms, Speed: 1.32 M/s, Resolution: 1920x1080
Name: 法治天地, URL: https://live.264788.xyz/channel/fazhitiandi?streamid=fe165cb56510151228c7f1f898f9cc2d&livekey=01WgOR41rriMmMkzNsd0UoaxJRwetZdxIvtVk, From: subscribe, IPv_Type: ipv4, Location: 美国, ISP: CloudFlare节点, Date: None, Delay: 81 ms, Speed: 70.89 M/s, Resolution: 1920x1080
Name: 法治天地, URL: http://154.12.37.196:5555/tvbox/公众号好享生活小助手/接口获取/代理.php?id=http://38.75.136.137:82/live1/jsb1.m3u8?id=fztd&usign=, From: subscribe, IPv_Type: ipv4, Location: 美国-加利福尼亚州-洛杉矶, ISP: Cogent, Date: None, Delay: 711 ms, Speed: 5.59 M/s, Resolution: 1920x1080
Name: 纪实人文, URL: http://dbiptv.sn.chinamobile.com/PLTV/88888890/224/3221226230/index.m3u8, From: whitelist, IPv_Type: None, Location: None, ISP: None, Date: None, Delay: -1 ms, Speed: 0.00 M/s, Resolution: None
Name: 纪实人文, URL: http://dbiptv.sn.chinamobile.com/PLTV/88888890/224/3221226313/index.m3u8, From: whitelist, IPv_Type: None, Location: None, ISP: None, Date: None, Delay: -1 ms, Speed: 0.00 M/s, Resolution: None
Name: 纪实人文, URL: http://zteres.sn.chinamobile.com:6060/yinhe/2/ch00000090990000001330/index.m3u8?virtualDomain=yinhe.live_hls.zte.com, From: whitelist, IPv_Type: None, Location: None, ISP: None, Date: None, Delay: -1 ms, Speed: 0.00 M/s, Resolution: None
Name: 都市剧场, URL: http://zteres.sn.chinamobile.com:6060/yinhe/2/ch00000090990000002108/index.m3u8?virtualDomain=yinhe.live_hls.zte.com, From: whitelist, IPv_Type: None, Location: None, ISP: None, Date: None, Delay: -1 ms, Speed: 0.00 M/s, Resolution: None
Name: 都市剧场, URL: http://154.12.37.196:5555/tvbox/公众号好享生活小助手/接口获取/代理.php?id=http://38.75.136.137:82/live1/jsb1.m3u8?id=dsjchd&usign=, From: subscribe, IPv_Type: ipv4, Location: 美国-加利福尼亚州-洛杉矶, ISP: Cogent, Date: None, Delay: 672 ms, Speed: 5.89 M/s, Resolution: 1920x1080
Name: 都市剧场, URL: http://63.141.230.178:82/gslb/zbdq5.m3u8?id=dsjchd, From: subscribe, IPv_Type: ipv4, Location: 美国, ISP: , Date: None, Delay: 700 ms, Speed: 5.70 M/s, Resolution: 1920x1080
Name: 都市剧场, URL: https://satellitepull.cnr.cn/live/wxcqxwgb/playlist.m3u8, From: subscribe, IPv_Type: ipv4, Location: 美国-华盛顿州-金, ISP: 网宿CDN西雅图节点, Date: None, Delay: 80 ms, Speed: 1.39 M/s, Resolution: None
Name: 金山电视台, URL: https://pili-live-hls.wdit.com.cn/wditlive/8818dfe5f4df45ba9a3f32964d172fb2b6d3.m3u8, From: subscribe, IPv_Type: ipv4, Location: 中国-香港, ISP: NTT, Date: None, Delay: 521 ms, Speed: 4.99 M/s, Resolution: 1920x1080
Name: 苏州4k, URL: https://live-auth.51kandianshi.com/szgd/csztv4k_hd.m3u8, From: subscribe, IPv_Type: ipv4, Location: 美国-加利福尼亚州-圣克拉拉, ISP: 腾讯云, Date: None, Delay: 178 ms, Speed: 0.56 M/s, Resolution: 1280x720
Name: 湖南爱晚, URL: http://php.jdshipin.com:8880/iptv.php, From: subscribe, IPv_Type: ipv6, Location: 美国, ISP: CloudFlare Inc., Date: None, Delay: 10644 ms, Speed: 0.63 M/s, Resolution: 1920x1080
Name: 金鹰纪实, URL: http://dbiptv.sn.chinamobile.com/PLTV/88888890/224/3221226351/index.m3u8, From: whitelist, IPv_Type: None, Location: None, ISP: None, Date: None, Delay: -1 ms, Speed: 0.00 M/s, Resolution: None
Name: 金鹰纪实, URL: http://zteres.sn.chinamobile.com:6060/yinhe/2/ch00000090990000001699/index.m3u8?virtualDomain=yinhe.live_hls.zte.com, From: whitelist, IPv_Type: None, Location: None, ISP: None, Date: None, Delay: -1 ms, Speed: 0.00 M/s, Resolution: None
Name: 长沙新闻综合, URL: http://ls.qingting.fm/live/4877.m3u8, From: subscribe, IPv_Type: ipv6, Location: 中国-广东-东莞, ISP: 电信, Date: None, Delay: 1131 ms, Speed: 0.06 M/s, Resolution: 1920x1080
Name: 陕西新闻资讯, URL: http://zteres.sn.chinamobile.com:6060/yinhe/2/ch00000090990000001719/index.m3u8?virtualDomain=yinhe.live_hls.zte.com, From: whitelist, IPv_Type: None, Location: None, ISP: None, Date: None, Delay: -1 ms, Speed: 0.00 M/s, Resolution: None
Name: 陕西新闻资讯, URL: http://dbiptv.sn.chinamobile.com/PLTV/88888890/224/3221226357/index.m3u8, From: whitelist, IPv_Type: None, Location: None, ISP: None, Date: None, Delay: -1 ms, Speed: 0.00 M/s, Resolution: None
Name: 陕西都市青春, URL: http://zteres.sn.chinamobile.com:6060/yinhe/2/ch00000090990000001593/index.m3u8?virtualDomain=yinhe.live_hls.zte.com, From: whitelist, IPv_Type: None, Location: None, ISP: None, Date: None, Delay: -1 ms, Speed: 0.00 M/s, Resolution: None
Name: 陕西都市青春, URL: http://dbiptv.sn.chinamobile.com/PLTV/88888890/224/3221226358/index.m3u8, From: whitelist, IPv_Type: None, Location: None, ISP: None, Date: None, Delay: -1 ms, Speed: 0.00 M/s, Resolution: None
Name: 陕西公共, URL: http://ls.qingting.fm/live/1222.m3u8, From: subscribe, IPv_Type: ipv6, Location: 中国-广东-东莞, ISP: 电信, Date: None, Delay: 665 ms, Speed: 0.09 M/s, Resolution: 1920x1080
Name: 陕西体育休闲, URL: http://zteres.sn.chinamobile.com:6060/yinhe/2/ch00000090990000001594/index.m3u8?virtualDomain=yinhe.live_hls.zte.com, From: whitelist, IPv_Type: None, Location: None, ISP: None, Date: None, Delay: -1 ms, Speed: 0.00 M/s, Resolution: None
Name: 陕西体育休闲, URL: http://dbiptv.sn.chinamobile.com/PLTV/88888890/224/3221226363/index.m3u8, From: whitelist, IPv_Type: None, Location: None, ISP: None, Date: None, Delay: -1 ms, Speed: 0.00 M/s, Resolution: None
Name: 云南都市, URL: https://hwapi.yntv.net/62hdvf/rjwt14.m3u8, From: subscribe, IPv_Type: ipv4, Location: 中国-浙江-嘉兴, ISP: 电信, Date: None, Delay: 2006 ms, Speed: 0.25 M/s, Resolution: 1280x720
Name: 云南娱乐, URL: https://hwapi.yntv.net/62hdvf/q9vs1b.m3u8, From: subscribe, IPv_Type: ipv4, Location: 中国-浙江-嘉兴, ISP: 电信, Date: None, Delay: 1300 ms, Speed: 0.31 M/s, Resolution: 1280x720
Name: 劲爆体育, URL: http://zteres.sn.chinamobile.com:6060/yinhe/2/ch00000090990000001326/index.m3u8?virtualDomain=yinhe.live_hls.zte.com, From: whitelist, IPv_Type: None, Location: None, ISP: None, Date: None, Delay: -1 ms, Speed: 0.00 M/s, Resolution: None
Name: 爱体育, URL: rtsp://180.95.143.19/PLTV/88888910/224/3221225508/10000100000000060000000000107288_0.smil, From: subscribe, IPv_Type: ipv4, Location: 中国-甘肃-金昌, ISP: 联通, Date: None, Delay: 10005 ms, Speed: 0.00 M/s, Resolution: None
Name: 爱体育, URL: rtsp://116.176.26.18/PLTV/88888910/224/3221225508/10000100000000060000000000107288_0.smil, From: subscribe, IPv_Type: ipv4, Location: 中国-甘肃, ISP: 联通, Date: None, Delay: 10005 ms, Speed: 0.00 M/s, Resolution: None
Name: 爱体育, URL: rtsp://118.212.169.207:554/PLTV/88888888/224/3221227315/10000100000000060000000001946406_0.smil, From: subscribe, IPv_Type: ipv4, Location: 中国-江西, ISP: 联通, Date: None, Delay: 10005 ms, Speed: 0.00 M/s, Resolution: None
Name: 爱体育, URL: rtsp://60.13.39.19/PLTV/88888910/224/3221225508/10000100000000060000000000107288_0.smil, From: subscribe, IPv_Type: ipv4, Location: 中国-甘肃-天水, ISP: 联通, Date: None, Delay: 10006 ms, Speed: 0.00 M/s, Resolution: None
Name: 爱体育, URL: rtsp://60.13.23.179/PLTV/88888910/224/3221225508/10000100000000060000000000107288_0.smil, From: subscribe, IPv_Type: ipv4, Location: 中国-甘肃-兰州, ISP: 联通, Date: None, Delay: 10007 ms, Speed: 0.00 M/s, Resolution: None
Name: 爱体育, URL: rtsp://221.7.61.147/PLTV/88888910/224/3221225508/10000100000000060000000000107288_0.smil, From: subscribe, IPv_Type: ipv4, Location: 中国-甘肃-白银, ISP: 联通, Date: None, Delay: 10005 ms, Speed: 0.00 M/s, Resolution: None
Name: 爱体育, URL: rtsp://116.176.26.19/PLTV/88888910/224/3221225508/10000100000000060000000000107288_0.smil, From: subscribe, IPv_Type: ipv4, Location: 中国-甘肃, ISP: 联通, Date: None, Delay: 10005 ms, Speed: 0.00 M/s, Resolution: None
Name: 爱体育, URL: rtsp://60.13.39.18/PLTV/88888910/224/3221225508/10000100000000060000000000107288_0.smil, From: subscribe, IPv_Type: ipv4, Location: 中国-甘肃-天水, ISP: 联通, Date: None, Delay: 10004 ms, Speed: 0.00 M/s, Resolution: None
Name: 爱体育, URL: rtsp://115.153.245.70/PLTV/88888888/224/3221227012/86440946.smil, From: subscribe, IPv_Type: ipv4, Location: 中国-江西-宜春, ISP: 电信, Date: None, Delay: 10004 ms, Speed: 0.00 M/s, Resolution: None
Name: 爱体育, URL: rtsp://115.153.254.81/PLTV/88888888/224/3221227044/86502115.smil, From: subscribe, IPv_Type: ipv4, Location: 中国-江西-宜春, ISP: 电信, Date: None, Delay: 10005 ms, Speed: 0.00 M/s, Resolution: None
Name: 爱体育, URL: rtsp://115.153.240.228:554/PLTV/88888888/224/3221227044/86502115.smil, From: subscribe, IPv_Type: ipv4, Location: 中国-江西-宜春, ISP: 电信, Date: None, Delay: 10006 ms, Speed: 0.00 M/s, Resolution: None
Name: 爱体育, URL: rtsp://115.153.212.72/PLTV/88888888/224/3221227044/86502115.smil, From: subscribe, IPv_Type: ipv4, Location: 中国-江西-宜春, ISP: 电信, Date: None, Delay: 10006 ms, Speed: 0.00 M/s, Resolution: None
Name: 爱体育, URL: rtsp://115.153.247.80/PLTV/88888888/224/3221227012/86440946.smil, From: subscribe, IPv_Type: ipv4, Location: 中国-江西-宜春, ISP: 电信, Date: None, Delay: 10005 ms, Speed: 0.00 M/s, Resolution: None
Name: 爱体育, URL: rtsp://115.153.230.145/PLTV/88888888/224/3221227012/86440946.smil, From: subscribe, IPv_Type: ipv4, Location: 中国-江西-宜春, ISP: 电信, Date: None, Delay: 10006 ms, Speed: 0.00 M/s, Resolution: None
Name: 爱体育, URL: rtsp://115.153.222.112:554/PLTV/88888888/224/3221227012/86440946.smil, From: subscribe, IPv_Type: ipv4, Location: 中国-江西-宜春, ISP: 电信, Date: None, Delay: 10005 ms, Speed: 0.00 M/s, Resolution: None
Name: 爱体育, URL: rtsp://115.153.233.154/PLTV/88888888/224/3221227012/86440946.smil, From: subscribe, IPv_Type: ipv4, Location: 中国-江西-宜春, ISP: 电信, Date: None, Delay: 10005 ms, Speed: 0.00 M/s, Resolution: None
Name: 爱体育, URL: rtsp://112.245.125.39:1554/iptv/import/Tvod/iptv/001/001/ch11060317323358720349.rsc/69939_Uni.sdp, From: subscribe, IPv_Type: ipv4, Location: 中国-山东-泰安, ISP: 联通, Date: None, Delay: 10005 ms, Speed: 0.00 M/s, Resolution: None
Name: 爱体育, URL: rtsp://183.59.156.166/PLTV/88888905/224/3221227073/10000100000000060000000000698847_0.smil?rrsip=125.88.104.40, From: subscribe, IPv_Type: ipv4, Location: 中国-广东-广州, ISP: 电信, Date: None, Delay: 10004 ms, Speed: 0.00 M/s, Resolution: None
Name: 爱体育, URL: rtsp://112.245.125.47:1554/iptv/import/Tvod/iptv/001/001/ch17120418224162657206.rsc/74292_Uni.sdp, From: subscribe, IPv_Type: ipv4, Location: 中国-山东-泰安, ISP: 联通, Date: None, Delay: 10004 ms, Speed: 0.00 M/s, Resolution: None
Name: 爱体育, URL: rtsp://183.59.156.166/PLTV/88888905/224/3221227991/10000100000000060000000006877797_0.smil?rrsip=125.88.104.40, From: subscribe, IPv_Type: ipv4, Location: 中国-广东-广州, ISP: 电信, Date: None, Delay: 10005 ms, Speed: 0.00 M/s, Resolution: None
Name: 精品体育, URL: https://epg.pw/stream/f7556eccd4ae06b0c2991fdc7a4f8388496559f728cc82459a8e50346040e226.m3u8, From: subscribe, IPv_Type: ipv6, Location: 美国, ISP: CloudFlare Inc., Date: None, Delay: 1490 ms, Speed: 0.45 M/s, Resolution: 1920x1080
Name: 精品体育, URL: https://epg.pw/stream/866a097a0907c9832440f8df38272dd555abf05200dfbafcc137e214c9b30ca7.m3u8, From: subscribe, IPv_Type: ipv6, Location: 美国, ISP: CloudFlare Inc., Date: None, Delay: 1506 ms, Speed: 0.44 M/s, Resolution: 1920x1080
Name: 精品体育, URL: https://epg.pw/stream/94ed0232b61ce8d89883160a4cdfbfc8f3225cae70ef8e17d93eec249a3c8ad6.m3u8, From: subscribe, IPv_Type: ipv6, Location: 美国, ISP: CloudFlare Inc., Date: None, Delay: 1534 ms, Speed: 0.43 M/s, Resolution: 1920x1080
Name: 辽宁体育, URL: http://120.76.248.139/live/bfgd/4200000611.m3u8, From: subscribe, IPv_Type: ipv4, Location: 中国-浙江-杭州, ISP: 阿里云BGP数据中心, Date: None, Delay: 2805 ms, Speed: 1.86 M/s, Resolution: 1920x1080
Name: 辽宁体育, URL: http://dassby.qqff.top:99/live/辽宁体育/index.m3u8, From: subscribe, IPv_Type: ipv4, Location: 中国-辽宁-鞍山, ISP: 联通, Date: None, Delay: 10277 ms, Speed: 0.08 M/s, Resolution: 1920x1080
Name: 山东体育, URL: http://satellitepull.cnr.cn/live/wxsdtyxxgb/playlist.m3u8, From: subscribe, IPv_Type: ipv4, Location: 美国-德克萨斯州-达拉斯, ISP: 网宿科技CDN节点, Date: None, Delay: 57 ms, Speed: 1.48 M/s, Resolution: None
Name: 山东体育, URL: https://satellitepull.cnr.cn/live/wxsdtyxxgb/playlist.m3u8, From: subscribe, IPv_Type: ipv4, Location: 美国-德克萨斯州-达拉斯, ISP: 网宿科技CDN节点, Date: None, Delay: 77 ms, Speed: 1.34 M/s, Resolution: None
Name: 天津体育, URL: http://38.75.136.137:98/gslb/dsdqpub/tjtv5.m3u8?auth=testpub, From: subscribe, IPv_Type: ipv4, Location: 美国-伊利诺伊州-库克, ISP: Cogent, Date: None, Delay: 604 ms, Speed: 3.61 M/s, Resolution: 1280x720
Name: 天津体育, URL: http://154.12.37.196:5555/tvbox/公众号好享生活小助手/接口获取/代理.php?id=http://38.75.136.137:82/live1/jsb1.m3u8?id=tjtv5&usign=, From: subscribe, IPv_Type: ipv4, Location: 美国-加利福尼亚州-洛杉矶, ISP: Cogent, Date: None, Delay: 614 ms, Speed: 3.44 M/s, Resolution: 1280x720
Name: 天津体育, URL: http://63.141.230.178:82/gslb/zbdq5.m3u8?id=tjtv5, From: subscribe, IPv_Type: ipv4, Location: 美国, ISP: , Date: None, Delay: 678 ms, Speed: 3.16 M/s, Resolution: 1280x720
Name: 天津体育, URL: http://ak.cj022.com:10080/hls/6/index.m3u8, From: subscribe, IPv_Type: ipv4, Location: 中国-天津-天津, ISP: 联通, Date: None, Delay: 10932 ms, Speed: 0.57 M/s, Resolution: 1920x1080
Name: 睛彩广场舞, URL: http://45.192.97.170:8880/play/1102.m3u8, From: subscribe, IPv_Type: ipv4, Location: 中国-香港, ISP: LARUS, Date: None, Delay: 632 ms, Speed: 8.36 M/s, Resolution: 1920x1080
Name: 风云足球, URL: http://zteres.sn.chinamobile.com:6060/yinhe/2/ch00000090990000002499/index.m3u8?virtualDomain=yinhe.live_hls.zte.com, From: whitelist, IPv_Type: None, Location: None, ISP: None, Date: None, Delay: -1 ms, Speed: 0.00 M/s, Resolution: None
Name: 足球频道, URL: https://epg.pw/stream/c7df950876e6a1ceb8be74ee86f9f702cebbbae29f1d15124ef8f86fd43161cf.m3u8, From: subscribe, IPv_Type: ipv6, Location: 美国, ISP: CloudFlare Inc., Date: None, Delay: 1493 ms, Speed: 0.44 M/s, Resolution: 1280x720
Name: 天元围棋, URL: http://63.141.230.178:82/gslb/zbdq5.m3u8?id=gztywq, From: subscribe, IPv_Type: ipv4, Location: 美国, ISP: , Date: None, Delay: 650 ms, Speed: 5.86 M/s, Resolution: 1920x1080
Name: 快乐垂钓, URL: http://zteres.sn.chinamobile.com:6060/yinhe/2/ch00000090990000002264/index.m3u8?virtualDomain=yinhe.live_hls.zte.com, From: whitelist, IPv_Type: None, Location: None, ISP: None, Date: None, Delay: -1 ms, Speed: 0.00 M/s, Resolution: None
Name: JJ斗地主, URL: http://1.14.124.206:35455/huya/30814433, From: subscribe, IPv_Type: ipv4, Location: 中国-四川-成都, ISP: 腾讯云, Date: None, Delay: 399 ms, Speed: 1.17 M/s, Resolution: 1920x1080
Name: JJ斗地主, URL: http://1.14.124.206:35455/huya/152698, From: subscribe, IPv_Type: ipv4, Location: 中国-四川-成都, ISP: 腾讯云, Date: None, Delay: 393 ms, Speed: 0.17 M/s, Resolution: 1920x1080
Name: JJ斗地主, URL: http://8.155.43.98:35455/huya/152698, From: subscribe, IPv_Type: ipv4, Location: 中国, ISP: 阿里云, Date: None, Delay: 375 ms, Speed: 0.16 M/s, Resolution: 1920x1080
Name: 风云音乐, URL: http://zteres.sn.chinamobile.com:6060/yinhe/2/ch00000090990000002525/index.m3u8?virtualDomain=yinhe.live_hls.zte.com, From: whitelist, IPv_Type: None, Location: None, ISP: None, Date: None, Delay: -1 ms, Speed: 0.00 M/s, Resolution: None
Name: 音乐现场, URL: http://satellitepull.cnr.cn/live/wx32nmgyygb/playlist.m3u8, From: subscribe, IPv_Type: ipv4, Location: 美国-加利福尼亚州-洛杉矶, ISP: 网宿科技CDN节点, Date: None, Delay: 58 ms, Speed: 1.53 M/s, Resolution: None
Name: 音乐现场, URL: https://satellitepull.cnr.cn/live/wx32nmgyygb/playlist.m3u8, From: subscribe, IPv_Type: ipv4, Location: 美国-加利福尼亚州-洛杉矶, ISP: 网宿科技CDN节点, Date: None, Delay: 95 ms, Speed: 1.19 M/s, Resolution: None
Name: 潮流音乐, URL: http://play-radio-stream3.hndt.com/now/Or5au0KN/playlist.m3u8, From: subscribe, IPv_Type: ipv4, Location: 美国-伊利诺伊州-库克, ISP: 网宿CDN节点, Date: None, Delay: 10739 ms, Speed: 0.01 M/s, Resolution: None
Name: 笑傲江湖, URL: https://live.metshop.top/huya/23865142, From: subscribe, IPv_Type: ipv6, Location: 美国, ISP: CloudFlare Inc., Date: None, Delay: 438 ms, Speed: 0.30 M/s, Resolution: 1920x1080
Name: 天龙八部, URL: https://live.metshop.top/huya/23903123, From: subscribe, IPv_Type: ipv6, Location: 美国, ISP: CloudFlare Inc., Date: None, Delay: 579 ms, Speed: 0.22 M/s, Resolution: 1920x1080
Name: 鹿鼎记, URL: http://luobo.bkpcp.top/yy/28265277, From: subscribe, IPv_Type: ipv4, Location: 美国, ISP: CloudFlare节点, Date: None, Delay: 361 ms, Speed: 4.68 M/s, Resolution: 1280x720
Name: 鹿鼎记, URL: https://live.ottiptv.cc/yy/28265277, From: subscribe, IPv_Type: ipv6, Location: 美国, ISP: CloudFlare Inc., Date: None, Delay: 326 ms, Speed: 3.53 M/s, Resolution: 800x600
Name: 仙剑奇侠传, URL: http://luobo.bkpcp.top/yy/1382749903, From: subscribe, IPv_Type: ipv4, Location: 美国, ISP: CloudFlare节点, Date: None, Delay: 397 ms, Speed: 4.97 M/s, Resolution: 1920x1080
Name: 仙剑奇侠传, URL: https://live.ottiptv.cc/yy/1382749903, From: subscribe, IPv_Type: ipv6, Location: 美国, ISP: Oracle Corporation, Date: None, Delay: 6876 ms, Speed: 0.46 M/s, Resolution: 1920x1080
Name: 西游记, URL: http://173.208.234.146/live/vlxyj.m3u8, From: subscribe, IPv_Type: ipv4, Location: 美国-密苏里州-杰克逊县, ISP: WholeSale互联网股份有限公司, Date: None, Delay: 582 ms, Speed: 2.54 M/s, Resolution: 1920x1080
Name: 三国演义, URL: https://live.ottiptv.cc/huya/11602081, From: subscribe, IPv_Type: ipv6, Location: 美国, ISP: Oracle Corporation, Date: None, Delay: 413 ms, Speed: 0.29 M/s, Resolution: 1280x720
Name: 三国演义, URL: https://live.metshop.top/huya/11602081, From: subscribe, IPv_Type: ipv6, Location: 美国, ISP: CloudFlare Inc., Date: None, Delay: 666 ms, Speed: 0.27 M/s, Resolution: 1280x720
Name: 水浒传, URL: http://222.186.39.21:35466/huya/26355860, From: subscribe, IPv_Type: ipv4, Location: 中国-江苏-镇江, ISP: 电信, Date: None, Delay: 20 ms, Speed: 20.47 M/s, Resolution: 576x432
Name: 水浒传, URL: http://live.ottiptv.cc/huya/26355860, From: subscribe, IPv_Type: ipv6, Location: 美国, ISP: CloudFlare Inc., Date: None, Delay: 168 ms, Speed: 8.30 M/s, Resolution: 576x432
Name: 水浒传, URL: https://live.ottiptv.cc/yy/1353873252, From: subscribe, IPv_Type: ipv6, Location: 美国, ISP: CloudFlare Inc., Date: None, Delay: 310 ms, Speed: 5.09 M/s, Resolution: 800x600
Name: 水浒传, URL: http://8.155.43.98:35455/huya/26355860, From: subscribe, IPv_Type: ipv4, Location: 中国, ISP: 阿里云, Date: None, Delay: 304 ms, Speed: 4.22 M/s, Resolution: 576x432
Name: 水浒传, URL: http://173.208.234.146/live/vlshz.m3u8, From: subscribe, IPv_Type: ipv4, Location: 美国-密苏里州-杰克逊县, ISP: WholeSale互联网股份有限公司, Date: None, Delay: 609 ms, Speed: 3.16 M/s, Resolution: 1440x1080
Name: 新白娘子传奇, URL: http://luobo.bkpcp.top/yy/1354490667, From: subscribe, IPv_Type: ipv6, Location: 美国, ISP: CloudFlare Inc., Date: None, Delay: 1500 ms, Speed: 1.34 M/s, Resolution: 1920x1080
Name: 封神榜, URL: https://live.metshop.top/huya/29465849, From: subscribe, IPv_Type: ipv6, Location: 美国, ISP: CloudFlare Inc., Date: None, Delay: 568 ms, Speed: 0.65 M/s, Resolution: 1920x1080
Name: 闯关东, URL: http://173.208.234.146/live/lbchuangguandong.m3u8, From: subscribe, IPv_Type: ipv4, Location: 美国-密苏里州-杰克逊县, ISP: WholeSale互联网股份有限公司, Date: None, Delay: 778 ms, Speed: 6.75 M/s, Resolution: 1920x1080
Name: 上海滩, URL: http://luobo.bkpcp.top/yy/1382745184, From: subscribe, IPv_Type: ipv6, Location: 美国, ISP: CloudFlare Inc., Date: None, Delay: 378 ms, Speed: 5.24 M/s, Resolution: 1920x1080
Name: 射雕英雄传, URL: https://live.ottiptv.cc/huya/23824164, From: subscribe, IPv_Type: ipv6, Location: 美国, ISP: Oracle Corporation, Date: None, Delay: 529 ms, Speed: 0.56 M/s, Resolution: 1274x670
Name: 射雕英雄传, URL: https://live.metshop.top/huya/23824164, From: subscribe, IPv_Type: ipv6, Location: 美国, ISP: CloudFlare Inc., Date: None, Delay: 496 ms, Speed: 0.53 M/s, Resolution: 1274x670
